// Jest Snapshot v1, https://goo.gl/fbAQLP

exports[`TreeNode it should render its markup correctly 1`] = `
<ul
  className="tree"
>
  <li>
    <span>
      <div
        className="editableContent"
      >
        <span
          onClick={[Function]}
        >
          Element #1
        </span>
      </div>
      <button
        className="btn  danger "
        onClick={[Function]}
      >
        <div>
          ×
        </div>
      </button>
    </span>
    <ul>
      <li
        className="treeNodeCreator"
      >
        <div
          className="arrow"
          onClick={[Function]}
        >
          →
        </div>
      </li>
    </ul>
  </li>
  <li>
    <span>
      <div
        className="editableContent"
      >
        <span
          onClick={[Function]}
        >
          Element #2
        </span>
      </div>
      <button
        className="btn  danger "
        onClick={[Function]}
      >
        <div>
          ×
        </div>
      </button>
    </span>
    <ul>
      <li
        className="treeNodeCreator"
      >
        <div
          className="arrow"
          onClick={[Function]}
        >
          →
        </div>
      </li>
    </ul>
  </li>
  <li>
    <span>
      <div
        className="editableContent"
      >
        <span
          onClick={[Function]}
        >
          Element #3
        </span>
      </div>
      <button
        className="btn  danger "
        onClick={[Function]}
      >
        <div>
          ×
        </div>
      </button>
    </span>
    <ul>
      <li>
        <span>
          <div
            className="editableContent"
          >
            <span
              onClick={[Function]}
            >
              Child #1 of element #3
            </span>
          </div>
          <button
            className="btn  danger "
            onClick={[Function]}
          >
            <div>
              ×
            </div>
          </button>
        </span>
        <ul>
          <li>
            <span>
              <div
                className="editableContent"
              >
                <span
                  onClick={[Function]}
                >
                  Subchild
                </span>
              </div>
              <button
                className="btn  danger "
                onClick={[Function]}
              >
                <div>
                  ×
                </div>
              </button>
            </span>
            <ul>
              <li
                className="treeNodeCreator"
              >
                <div
                  className="arrow"
                  onClick={[Function]}
                >
                  →
                </div>
              </li>
            </ul>
          </li>
          <li>
            <span>
              <div
                className="editableContent"
              >
                <span
                  onClick={[Function]}
                >
                  Another subchild
                </span>
              </div>
              <button
                className="btn  danger "
                onClick={[Function]}
              >
                <div>
                  ×
                </div>
              </button>
            </span>
            <ul>
              <li
                className="treeNodeCreator"
              >
                <div
                  className="arrow"
                  onClick={[Function]}
                >
                  →
                </div>
              </li>
            </ul>
          </li>
          <li>
            <span>
              <div
                className="editableContent"
              >
                <span
                  onClick={[Function]}
                >
                  Another subchild
                </span>
              </div>
              <button
                className="btn  danger "
                onClick={[Function]}
              >
                <div>
                  ×
                </div>
              </button>
            </span>
            <ul>
              <li
                className="treeNodeCreator"
              >
                <div
                  className="arrow"
                  onClick={[Function]}
                >
                  →
                </div>
              </li>
            </ul>
          </li>
          <li>
            <span>
              <div
                className="editableContent"
              >
                <span
                  onClick={[Function]}
                >
                  Last subchild
                </span>
              </div>
              <button
                className="btn  danger "
                onClick={[Function]}
              >
                <div>
                  ×
                </div>
              </button>
            </span>
            <ul>
              <li
                className="treeNodeCreator"
              >
                <div
                  className="arrow"
                  onClick={[Function]}
                >
                  →
                </div>
              </li>
            </ul>
          </li>
          <li
            className="treeNodeCreator"
          >
            <div
              className="arrow"
              onClick={[Function]}
            >
              →
            </div>
          </li>
        </ul>
      </li>
      <li>
        <span>
          <div
            className="editableContent"
          >
            <span
              onClick={[Function]}
            >
              Child #2 of element #3
            </span>
          </div>
          <button
            className="btn  danger "
            onClick={[Function]}
          >
            <div>
              ×
            </div>
          </button>
        </span>
        <ul>
          <li>
            <span>
              <div
                className="editableContent"
              >
                <span
                  onClick={[Function]}
                >
                  Subchild
                </span>
              </div>
              <button
                className="btn  danger "
                onClick={[Function]}
              >
                <div>
                  ×
                </div>
              </button>
            </span>
            <ul>
              <li
                className="treeNodeCreator"
              >
                <div
                  className="arrow"
                  onClick={[Function]}
                >
                  →
                </div>
              </li>
            </ul>
          </li>
          <li>
            <span>
              <div
                className="editableContent"
              >
                <span
                  onClick={[Function]}
                >
                  Subchild
                </span>
              </div>
              <button
                className="btn  danger "
                onClick={[Function]}
              >
                <div>
                  ×
                </div>
              </button>
            </span>
            <ul>
              <li
                className="treeNodeCreator"
              >
                <div
                  className="arrow"
                  onClick={[Function]}
                >
                  →
                </div>
              </li>
            </ul>
          </li>
          <li>
            <span>
              <div
                className="editableContent"
              >
                <span
                  onClick={[Function]}
                >
                  Subchild
                </span>
              </div>
              <button
                className="btn  danger "
                onClick={[Function]}
              >
                <div>
                  ×
                </div>
              </button>
            </span>
            <ul>
              <li
                className="treeNodeCreator"
              >
                <div
                  className="arrow"
                  onClick={[Function]}
                >
                  →
                </div>
              </li>
            </ul>
          </li>
          <li>
            <span>
              <div
                className="editableContent"
              >
                <span
                  onClick={[Function]}
                >
                  Subchild
                </span>
              </div>
              <button
                className="btn  danger "
                onClick={[Function]}
              >
                <div>
                  ×
                </div>
              </button>
            </span>
            <ul>
              <li
                className="treeNodeCreator"
              >
                <div
                  className="arrow"
                  onClick={[Function]}
                >
                  →
                </div>
              </li>
            </ul>
          </li>
          <li
            className="treeNodeCreator"
          >
            <div
              className="arrow"
              onClick={[Function]}
            >
              →
            </div>
          </li>
        </ul>
      </li>
      <li>
        <span>
          <div
            className="editableContent"
          >
            <span
              onClick={[Function]}
            >
              Child #3 of element #3
            </span>
          </div>
          <button
            className="btn  danger "
            onClick={[Function]}
          >
            <div>
              ×
            </div>
          </button>
        </span>
        <ul>
          <li>
            <span>
              <div
                className="editableContent"
              >
                <span
                  onClick={[Function]}
                >
                  Subchild
                </span>
              </div>
              <button
                className="btn  danger "
                onClick={[Function]}
              >
                <div>
                  ×
                </div>
              </button>
            </span>
            <ul>
              <li
                className="treeNodeCreator"
              >
                <div
                  className="arrow"
                  onClick={[Function]}
                >
                  →
                </div>
              </li>
            </ul>
          </li>
          <li>
            <span>
              <div
                className="editableContent"
              >
                <span
                  onClick={[Function]}
                >
                  Subchild
                </span>
              </div>
              <button
                className="btn  danger "
                onClick={[Function]}
              >
                <div>
                  ×
                </div>
              </button>
            </span>
            <ul>
              <li
                className="treeNodeCreator"
              >
                <div
                  className="arrow"
                  onClick={[Function]}
                >
                  →
                </div>
              </li>
            </ul>
          </li>
          <li
            className="treeNodeCreator"
          >
            <div
              className="arrow"
              onClick={[Function]}
            >
              →
            </div>
          </li>
        </ul>
      </li>
      <li
        className="treeNodeCreator"
      >
        <div
          className="arrow"
          onClick={[Function]}
        >
          →
        </div>
      </li>
    </ul>
  </li>
  <li
    className="treeNodeCreator"
  >
    <div
      className="arrow"
      onClick={[Function]}
    >
      →
    </div>
  </li>
</ul>
`;
